// Jest Snapshot v1, https://goo.gl/fbAQLP

exports[`Tile component Tile has an onClick 1`] = `
ShallowWrapper {
  "length": 1,
  Symbol(enzyme.__root__): [Circular],
  Symbol(enzyme.__unrendered__): <Tile
    onTileClick={[Function]}
/>,
  Symbol(enzyme.__renderer__): Object {
    "batchedUpdates": [Function],
    "getNode": [Function],
    "render": [Function],
    "simulateEvent": [Function],
    "unmount": [Function],
  },
  Symbol(enzyme.__node__): Object {
    "instance": null,
    "key": undefined,
    "nodeType": "host",
    "props": Object {
      "children": Array [
        <styled.rect
          height={NaN}
          width={NaN}
          x={NaN}
          y={NaN}
/>,
        <styled.text
          x={NaN}
          y={NaN}
/>,
      ],
      "className": "tileundefinedundefined",
      "onClick": [Function],
    },
    "ref": null,
    "rendered": Array [
      Object {
        "instance": null,
        "key": undefined,
        "nodeType": "class",
        "props": Object {
          "height": NaN,
          "width": NaN,
          "x": NaN,
          "y": NaN,
        },
        "ref": null,
        "rendered": null,
        "type": [Function],
      },
      Object {
        "instance": null,
        "key": undefined,
        "nodeType": "class",
        "props": Object {
          "children": undefined,
          "x": NaN,
          "y": NaN,
        },
        "ref": null,
        "rendered": null,
        "type": [Function],
      },
    ],
    "type": "g",
  },
  Symbol(enzyme.__nodes__): Array [
    Object {
      "instance": null,
      "key": undefined,
      "nodeType": "host",
      "props": Object {
        "children": Array [
          <styled.rect
            height={NaN}
            width={NaN}
            x={NaN}
            y={NaN}
/>,
          <styled.text
            x={NaN}
            y={NaN}
/>,
        ],
        "className": "tileundefinedundefined",
        "onClick": [Function],
      },
      "ref": null,
      "rendered": Array [
        Object {
          "instance": null,
          "key": undefined,
          "nodeType": "class",
          "props": Object {
            "height": NaN,
            "width": NaN,
            "x": NaN,
            "y": NaN,
          },
          "ref": null,
          "rendered": null,
          "type": [Function],
        },
        Object {
          "instance": null,
          "key": undefined,
          "nodeType": "class",
          "props": Object {
            "children": undefined,
            "x": NaN,
            "y": NaN,
          },
          "ref": null,
          "rendered": null,
          "type": [Function],
        },
      ],
      "type": "g",
    },
  ],
  Symbol(enzyme.__options__): Object {
    "adapter": ReactSixteenAdapter {
      "options": Object {
        "enableComponentDidUpdateOnSetState": true,
      },
    },
  },
}
`;
